// Jest Snapshot v1, https://goo.gl/fbAQLP

exports[`Actions Actions with forestName on load Should match snapshot with a forestName 1`] = `
<div>
  <div
    className="actions-container"
  >
    <Welcome
      nameForest={[Function]}
    />
  </div>
  <Forest
    forestName=""
    points={0}
    trees={
      Array [
        <td>
          <img
            alt="Geometric tree illustration"
            src="tree1.png"
          />
        </td>,
      ]
    }
  />
</div>
`;

exports[`Actions defaults Should match the snapshot 1`] = `
<div>
  <div
    className="actions-container"
  >
    <Welcome
      nameForest={[Function]}
    />
  </div>
  <Forest
    forestName=""
    points={0}
    trees={
      Array [
        <td>
          <img
            alt="Geometric tree illustration"
            src="tree1.png"
          />
        </td>,
      ]
    }
  />
</div>
`;
